// Vitest Snapshot v1, https://vitest.dev/guide/snapshot.html

exports[`App Component > matches the snapshot 1`] = `
<DocumentFragment>
  <div>
    <div
      class="nav-container"
    >
      <nav>
        <a
          href="/"
        >
          Home
        </a>
        <a
          href="/shop"
        >
          Shop
        </a>
        <a
          href="/cart"
        >
          Cart: 0 items
        </a>
      </nav>
    </div>
    <main />
  </div>
</DocumentFragment>
`;

exports[`Home Page > matches the snapshot 1`] = `
<DocumentFragment>
  <div
    class="homepage-container"
  >
    <h1
      class="welcome"
    >
      Simple & Chic
    </h1>
    <img
      alt="A lady carrying several bags of merchandise"
      class="welcome-image"
      src="/src/assets/fancy.jpg"
    />
    <h3
      class="home-description"
    >
      Finally, a place where you feel comfortable spending your money.
      <br />
      Worry no longer about that empty feeling in your wallet.
      <br />
      Instead, maximize the profit of our shareholders and fulfill our wildest dreams.
    </h3>
  </div>
</DocumentFragment>
`;
